MoveBackward, MoveBackward
GetBattleInfo, GetBattleInfo
RotateRight45, RotateRight45
MoveBackward, MoveBackward
GetBattleInfo, GetBattleInfo
RotateRight90, RotateRight90
DoNothing, DoNothing
DoNothing, DoNothing
DoNothing, DoNothing
DoNothing, DoNothing
Tie, reached max steps = 10, player 1 has 1 tanks, player 2 has 1 tanks
