DoNothing, DoNothing
DoNothing, DoNothing
DoNothing, DoNothing
DoNothing, DoNothing
DoNothing, DoNothing
DoNothing, DoNothing
DoNothing, DoNothing
DoNothing, DoNothing
DoNothing, DoNothing
DoNothing, DoNothing
DoNothing, DoNothing
DoNothing, DoNothing
DoNothing, DoNothing
DoNothing, DoNothing
DoNothing, DoNothing
DoNothing, DoNothing
DoNothing, DoNothing
DoNothing, DoNothing
DoNothing, DoNothing
DoNothing, DoNothing
DoNothing, DoNothing
DoNothing, DoNothing
DoNothing, DoNothing
DoNothing, DoNothing
DoNothing, DoNothing
DoNothing, DoNothing
DoNothing, DoNothing
DoNothing, DoNothing
DoNothing, DoNothing
DoNothing, DoNothing
DoNothing, DoNothing
DoNothing, DoNothing
DoNothing, DoNothing
DoNothing, DoNothing
DoNothing, DoNothing
DoNothing, DoNothing
DoNothing, DoNothing
DoNothing, DoNothing
DoNothing, DoNothing
DoNothing, DoNothing
DoNothing, DoNothing
DoNothing, DoNothing
DoNothing, DoNothing
DoNothing, DoNothing
DoNothing, DoNothing
DoNothing, DoNothing
DoNothing, DoNothing
DoNothing, DoNothing
DoNothing, DoNothing
DoNothing, DoNothing
DoNothing, DoNothing
DoNothing, DoNothing
DoNothing, DoNothing
DoNothing, DoNothing
DoNothing, DoNothing
DoNothing, DoNothing
DoNothing, DoNothing
DoNothing, DoNothing
DoNothing, DoNothing
DoNothing, DoNothing
Shoot, Shoot
DoNothing, DoNothing
DoNothing, DoNothing
DoNothing, DoNothing
DoNothing, DoNothing
Shoot, Shoot
DoNothing, DoNothing
DoNothing, DoNothing
DoNothing, DoNothing
DoNothing, DoNothing
Shoot, Shoot
DoNothing, DoNothing
DoNothing, DoNothing
DoNothing, DoNothing
DoNothing, DoNothing
DoNothing, DoNothing
DoNothing, DoNothing
DoNothing, DoNothing
DoNothing, DoNothing
DoNothing, DoNothing
DoNothing, DoNothing
DoNothing, DoNothing
DoNothing, DoNothing
DoNothing, DoNothing
DoNothing, DoNothing
DoNothing, DoNothing
DoNothing, DoNothing
DoNothing, DoNothing
DoNothing, DoNothing
DoNothing, DoNothing
DoNothing, DoNothing
DoNothing, DoNothing
DoNothing, DoNothing
DoNothing, DoNothing
DoNothing, DoNothing
DoNothing, DoNothing
DoNothing, DoNothing
DoNothing, DoNothing
DoNothing, DoNothing
DoNothing, DoNothing
Tie, reached max steps = 100, player 1 has 1 tanks, player 2 has 1 tanks
