Shoot, Shoot, Shoot, Shoot, Shoot, Shoot, Shoot, Shoot, Shoot, Shoot, Shoot, Shoot, Shoot, Shoot, Shoot (killed)
DoNothing, DoNothing, DoNothing, DoNothing, DoNothing, DoNothing, DoNothing, DoNothing, DoNothing, DoNothing, DoNothing, DoNothing, DoNothing, DoNothing, killed
DoNothing, DoNothing, DoNothing, DoNothing, DoNothing, DoNothing, DoNothing, DoNothing, DoNothing, DoNothing, DoNothing, DoNothing, DoNothing, DoNothing, killed
DoNothing, DoNothing, DoNothing, DoNothing, DoNothing, DoNothing, DoNothing, DoNothing, DoNothing, DoNothing, DoNothing, DoNothing, DoNothing, DoNothing, killed
DoNothing, DoNothing, DoNothing, DoNothing, DoNothing, DoNothing, DoNothing, DoNothing, DoNothing, DoNothing, DoNothing, DoNothing, DoNothing, DoNothing, killed
DoNothing, DoNothing, DoNothing, DoNothing, DoNothing, DoNothing, DoNothing, DoNothing, DoNothing, DoNothing, DoNothing, DoNothing, DoNothing, DoNothing, killed
DoNothing, DoNothing, DoNothing, DoNothing, DoNothing, DoNothing, DoNothing, DoNothing, DoNothing, DoNothing, DoNothing, DoNothing, DoNothing, DoNothing, killed
DoNothing, DoNothing, DoNothing, DoNothing, DoNothing, DoNothing, DoNothing, DoNothing, DoNothing, DoNothing, DoNothing, DoNothing, DoNothing, DoNothing, killed
DoNothing, DoNothing, DoNothing, DoNothing, DoNothing, DoNothing, DoNothing, DoNothing, DoNothing, DoNothing, DoNothing, DoNothing, DoNothing, DoNothing, killed
DoNothing, DoNothing, DoNothing, DoNothing, DoNothing, DoNothing, DoNothing, DoNothing, DoNothing, DoNothing, DoNothing, DoNothing, DoNothing, DoNothing, killed
DoNothing, DoNothing, DoNothing, DoNothing, DoNothing, DoNothing, DoNothing, DoNothing, DoNothing, DoNothing, DoNothing, DoNothing, DoNothing, DoNothing, killed
DoNothing, DoNothing, DoNothing, DoNothing, DoNothing, DoNothing, DoNothing, DoNothing, DoNothing, DoNothing, DoNothing, DoNothing, DoNothing, DoNothing, killed
DoNothing, DoNothing, DoNothing, DoNothing, DoNothing, DoNothing, DoNothing, DoNothing, DoNothing, DoNothing, DoNothing, DoNothing, DoNothing, DoNothing, killed
DoNothing, DoNothing, DoNothing, DoNothing, DoNothing, DoNothing, DoNothing, DoNothing, DoNothing, DoNothing, DoNothing, DoNothing, DoNothing, DoNothing, killed
DoNothing, DoNothing, DoNothing, DoNothing, DoNothing, DoNothing, DoNothing, DoNothing, DoNothing, DoNothing, DoNothing, DoNothing, DoNothing, DoNothing, killed
DoNothing, DoNothing, DoNothing, DoNothing, DoNothing, DoNothing, DoNothing, DoNothing, DoNothing, DoNothing, DoNothing, DoNothing, DoNothing, DoNothing, killed
DoNothing, DoNothing, DoNothing, DoNothing, DoNothing, DoNothing, DoNothing, DoNothing, DoNothing, DoNothing, DoNothing, DoNothing, DoNothing, DoNothing, killed
DoNothing, DoNothing, DoNothing, DoNothing, DoNothing, DoNothing, DoNothing, DoNothing, DoNothing, DoNothing, DoNothing, DoNothing, DoNothing, DoNothing, killed
DoNothing, DoNothing, DoNothing, DoNothing, DoNothing, DoNothing, DoNothing, DoNothing, DoNothing, DoNothing, DoNothing, DoNothing, DoNothing, DoNothing, killed
DoNothing, DoNothing, DoNothing, DoNothing, DoNothing, DoNothing, DoNothing, DoNothing, DoNothing, DoNothing, DoNothing, DoNothing, DoNothing, DoNothing, killed
DoNothing, DoNothing, DoNothing, DoNothing, DoNothing, DoNothing, DoNothing, DoNothing, DoNothing, DoNothing, DoNothing, DoNothing, DoNothing, DoNothing, killed
DoNothing, DoNothing, DoNothing, DoNothing, DoNothing, DoNothing, DoNothing, DoNothing, DoNothing, DoNothing, DoNothing, DoNothing, DoNothing, DoNothing, killed
DoNothing, DoNothing, DoNothing, DoNothing, DoNothing, DoNothing, DoNothing, DoNothing, DoNothing, DoNothing, DoNothing, DoNothing, DoNothing, DoNothing, killed
DoNothing, DoNothing, DoNothing, DoNothing, DoNothing, DoNothing, DoNothing, DoNothing, DoNothing, DoNothing, DoNothing, DoNothing, DoNothing, DoNothing, killed
DoNothing, DoNothing, DoNothing, DoNothing, DoNothing, DoNothing, DoNothing, DoNothing, DoNothing, DoNothing, DoNothing, DoNothing, DoNothing, DoNothing, killed
DoNothing, DoNothing, DoNothing, DoNothing, DoNothing, DoNothing, DoNothing, DoNothing, DoNothing, DoNothing, DoNothing, DoNothing, DoNothing, DoNothing, killed
DoNothing, DoNothing, DoNothing, DoNothing, DoNothing, DoNothing, DoNothing, DoNothing, DoNothing, DoNothing, DoNothing, DoNothing, DoNothing, DoNothing, killed
DoNothing, DoNothing, DoNothing, DoNothing, DoNothing, DoNothing, DoNothing, DoNothing, DoNothing, DoNothing, DoNothing, DoNothing, DoNothing, DoNothing, killed
DoNothing, DoNothing, DoNothing, DoNothing, DoNothing, DoNothing, DoNothing, DoNothing, DoNothing, DoNothing, DoNothing, DoNothing, DoNothing, DoNothing, killed
DoNothing, DoNothing, DoNothing, DoNothing, DoNothing, DoNothing, DoNothing, DoNothing, DoNothing, DoNothing, DoNothing, DoNothing, DoNothing, DoNothing, killed
DoNothing, DoNothing, DoNothing, DoNothing, DoNothing, DoNothing, DoNothing, DoNothing, DoNothing, DoNothing, DoNothing, DoNothing, DoNothing, DoNothing, killed
DoNothing, DoNothing, DoNothing, DoNothing, DoNothing, DoNothing, DoNothing, DoNothing, DoNothing, DoNothing, DoNothing, DoNothing, DoNothing, DoNothing, killed
DoNothing, DoNothing, DoNothing, DoNothing, DoNothing, DoNothing, DoNothing, DoNothing, DoNothing, DoNothing, DoNothing, DoNothing, DoNothing, DoNothing, killed
DoNothing, DoNothing, DoNothing, DoNothing, DoNothing, DoNothing, DoNothing, DoNothing, DoNothing, DoNothing, DoNothing, DoNothing, DoNothing, DoNothing, killed
DoNothing, DoNothing, DoNothing, DoNothing, DoNothing, DoNothing, DoNothing, DoNothing, DoNothing, DoNothing, DoNothing, DoNothing, DoNothing, DoNothing, killed
DoNothing, DoNothing, DoNothing, DoNothing, DoNothing, DoNothing, DoNothing, DoNothing, DoNothing, DoNothing, DoNothing, DoNothing, DoNothing, DoNothing, killed
DoNothing, DoNothing, DoNothing, DoNothing, DoNothing, DoNothing, DoNothing, DoNothing, DoNothing, DoNothing, DoNothing, DoNothing, DoNothing, DoNothing, killed
DoNothing, DoNothing, DoNothing, DoNothing, DoNothing, DoNothing, DoNothing, DoNothing, DoNothing, DoNothing, DoNothing, DoNothing, DoNothing, DoNothing, killed
DoNothing, DoNothing, DoNothing, DoNothing, DoNothing, DoNothing, DoNothing, DoNothing, DoNothing, DoNothing, DoNothing, DoNothing, DoNothing, DoNothing, killed
DoNothing, DoNothing, DoNothing, DoNothing, DoNothing, DoNothing, DoNothing, DoNothing, DoNothing, DoNothing, DoNothing, DoNothing, DoNothing, DoNothing, killed
DoNothing, DoNothing, DoNothing, DoNothing, DoNothing, DoNothing, DoNothing, DoNothing, DoNothing, DoNothing, DoNothing, DoNothing, DoNothing, DoNothing, killed
DoNothing, DoNothing, DoNothing, DoNothing, DoNothing, DoNothing, DoNothing, DoNothing, DoNothing, DoNothing, DoNothing, DoNothing, DoNothing, DoNothing, killed
DoNothing, DoNothing, DoNothing, DoNothing, DoNothing, DoNothing, DoNothing, DoNothing, DoNothing, DoNothing, DoNothing, DoNothing, DoNothing, DoNothing, killed
DoNothing, DoNothing, DoNothing, DoNothing, DoNothing, DoNothing, DoNothing, DoNothing, DoNothing, DoNothing, DoNothing, DoNothing, DoNothing, DoNothing, killed
DoNothing, DoNothing, DoNothing, DoNothing, DoNothing, DoNothing, DoNothing, DoNothing, DoNothing, DoNothing, DoNothing, DoNothing, DoNothing, DoNothing, killed
DoNothing, DoNothing, DoNothing, DoNothing, DoNothing, DoNothing, DoNothing, DoNothing, DoNothing, DoNothing, DoNothing, DoNothing, DoNothing, DoNothing, killed
DoNothing, DoNothing, DoNothing, DoNothing, DoNothing, DoNothing, DoNothing, DoNothing, DoNothing, DoNothing, DoNothing, DoNothing, DoNothing, DoNothing, killed
DoNothing, DoNothing, DoNothing, DoNothing, DoNothing, DoNothing, DoNothing, DoNothing, DoNothing, DoNothing, DoNothing, DoNothing, DoNothing, DoNothing, killed
DoNothing, DoNothing, DoNothing, DoNothing, DoNothing, DoNothing, DoNothing, DoNothing, DoNothing, DoNothing, DoNothing, DoNothing, DoNothing, DoNothing, killed
DoNothing, DoNothing, DoNothing, DoNothing, DoNothing, DoNothing, DoNothing, DoNothing, DoNothing, DoNothing, DoNothing, DoNothing, DoNothing, DoNothing, killed
DoNothing, DoNothing, DoNothing, DoNothing, DoNothing, DoNothing, DoNothing, DoNothing, DoNothing, DoNothing, DoNothing, DoNothing, DoNothing, DoNothing, killed
DoNothing, DoNothing, DoNothing, DoNothing, DoNothing, DoNothing, DoNothing, DoNothing, DoNothing, DoNothing, DoNothing, DoNothing, DoNothing, DoNothing, killed
DoNothing, DoNothing, DoNothing, DoNothing, DoNothing, DoNothing, DoNothing, DoNothing, DoNothing, DoNothing, DoNothing, DoNothing, DoNothing, DoNothing, killed
DoNothing, DoNothing, DoNothing, DoNothing, DoNothing, DoNothing, DoNothing, DoNothing, DoNothing, DoNothing, DoNothing, DoNothing, DoNothing, DoNothing, killed
DoNothing, DoNothing, DoNothing, DoNothing, DoNothing, DoNothing, DoNothing, DoNothing, DoNothing, DoNothing, DoNothing, DoNothing, DoNothing, DoNothing, killed
DoNothing, DoNothing, DoNothing, DoNothing, DoNothing, DoNothing, DoNothing, DoNothing, DoNothing, DoNothing, DoNothing, DoNothing, DoNothing, DoNothing, killed
DoNothing, DoNothing, DoNothing, DoNothing, DoNothing, DoNothing, DoNothing, DoNothing, DoNothing, DoNothing, DoNothing, DoNothing, DoNothing, DoNothing, killed
DoNothing, DoNothing, DoNothing, DoNothing, DoNothing, DoNothing, DoNothing, DoNothing, DoNothing, DoNothing, DoNothing, DoNothing, DoNothing, DoNothing, killed
DoNothing, DoNothing, DoNothing, DoNothing, DoNothing, DoNothing, DoNothing, DoNothing, DoNothing, DoNothing, DoNothing, DoNothing, DoNothing, DoNothing, killed
DoNothing, DoNothing, DoNothing, DoNothing, DoNothing, DoNothing, DoNothing, DoNothing, DoNothing, DoNothing, DoNothing, DoNothing, DoNothing, DoNothing, killed
DoNothing, DoNothing, DoNothing, DoNothing, DoNothing, DoNothing, DoNothing, DoNothing, DoNothing, DoNothing, DoNothing, DoNothing, DoNothing, DoNothing, killed
DoNothing, DoNothing, DoNothing, DoNothing, DoNothing, DoNothing, DoNothing, DoNothing, DoNothing, DoNothing, DoNothing, DoNothing, DoNothing, DoNothing, killed
DoNothing, DoNothing, DoNothing, DoNothing, DoNothing, DoNothing, DoNothing, DoNothing, DoNothing, DoNothing, DoNothing, DoNothing, DoNothing, DoNothing, killed
DoNothing, DoNothing, DoNothing, DoNothing, DoNothing, DoNothing, DoNothing, DoNothing, DoNothing, DoNothing, DoNothing, DoNothing, DoNothing, DoNothing, killed
DoNothing, DoNothing, DoNothing, DoNothing, DoNothing, DoNothing, DoNothing, DoNothing, DoNothing, DoNothing, DoNothing, DoNothing, DoNothing, DoNothing, killed
DoNothing, DoNothing, DoNothing, DoNothing, DoNothing, DoNothing, DoNothing, DoNothing, DoNothing, DoNothing, DoNothing, DoNothing, DoNothing, DoNothing, killed
DoNothing, DoNothing, DoNothing, DoNothing, DoNothing, DoNothing, DoNothing, DoNothing, DoNothing, DoNothing, DoNothing, DoNothing, DoNothing, DoNothing, killed
DoNothing, DoNothing, DoNothing, DoNothing, DoNothing, DoNothing, DoNothing, DoNothing, DoNothing, DoNothing, DoNothing, DoNothing, DoNothing, DoNothing, killed
DoNothing, DoNothing, DoNothing, DoNothing, DoNothing, DoNothing, DoNothing, DoNothing, DoNothing, DoNothing, DoNothing, DoNothing, DoNothing, DoNothing, killed
DoNothing, DoNothing, DoNothing, DoNothing, DoNothing, DoNothing, DoNothing, DoNothing, DoNothing, DoNothing, DoNothing, DoNothing, DoNothing, DoNothing, killed
DoNothing, DoNothing, DoNothing, DoNothing, DoNothing, DoNothing, DoNothing, DoNothing, DoNothing, DoNothing, DoNothing, DoNothing, DoNothing, DoNothing, killed
DoNothing, DoNothing, DoNothing, DoNothing, DoNothing, DoNothing, DoNothing, DoNothing, DoNothing, DoNothing, DoNothing, DoNothing, DoNothing, DoNothing, killed
DoNothing, DoNothing, DoNothing, DoNothing, DoNothing, DoNothing, DoNothing, DoNothing, DoNothing, DoNothing, DoNothing, DoNothing, DoNothing, DoNothing, killed
DoNothing, DoNothing, DoNothing, DoNothing, DoNothing, DoNothing, DoNothing, DoNothing, DoNothing, DoNothing, DoNothing, DoNothing, DoNothing, DoNothing, killed
DoNothing, DoNothing, DoNothing, DoNothing, DoNothing, DoNothing, DoNothing, DoNothing, DoNothing, DoNothing, DoNothing, DoNothing, DoNothing, DoNothing, killed
DoNothing, DoNothing, DoNothing, DoNothing, DoNothing, DoNothing, DoNothing, DoNothing, DoNothing, DoNothing, DoNothing, DoNothing, DoNothing, DoNothing, killed
DoNothing, DoNothing, DoNothing, DoNothing, DoNothing, DoNothing, DoNothing, DoNothing, DoNothing, DoNothing, DoNothing, DoNothing, DoNothing, DoNothing, killed
DoNothing, DoNothing, DoNothing, DoNothing, DoNothing, DoNothing, DoNothing, DoNothing, DoNothing, DoNothing, DoNothing, DoNothing, DoNothing, DoNothing, killed
DoNothing, DoNothing, DoNothing, DoNothing, DoNothing, DoNothing, DoNothing, DoNothing, DoNothing, DoNothing, DoNothing, DoNothing, DoNothing, DoNothing, killed
DoNothing, DoNothing, DoNothing, DoNothing, DoNothing, DoNothing, DoNothing, DoNothing, DoNothing, DoNothing, DoNothing, DoNothing, DoNothing, DoNothing, killed
DoNothing, DoNothing, DoNothing, DoNothing, DoNothing, DoNothing, DoNothing, DoNothing, DoNothing, DoNothing, DoNothing, DoNothing, DoNothing, DoNothing, killed
DoNothing, DoNothing, DoNothing, DoNothing, DoNothing, DoNothing, DoNothing, DoNothing, DoNothing, DoNothing, DoNothing, DoNothing, DoNothing, DoNothing, killed
DoNothing, DoNothing, DoNothing, DoNothing, DoNothing, DoNothing, DoNothing, DoNothing, DoNothing, DoNothing, DoNothing, DoNothing, DoNothing, DoNothing, killed
DoNothing, DoNothing, DoNothing, DoNothing, DoNothing, DoNothing, DoNothing, DoNothing, DoNothing, DoNothing, DoNothing, DoNothing, DoNothing, DoNothing, killed
DoNothing, DoNothing, DoNothing, DoNothing, DoNothing, DoNothing, DoNothing, DoNothing, DoNothing, DoNothing, DoNothing, DoNothing, DoNothing, DoNothing, killed
DoNothing, DoNothing, DoNothing, DoNothing, DoNothing, DoNothing, DoNothing, DoNothing, DoNothing, DoNothing, DoNothing, DoNothing, DoNothing, DoNothing, killed
DoNothing, DoNothing, DoNothing, DoNothing, DoNothing, DoNothing, DoNothing, DoNothing, DoNothing, DoNothing, DoNothing, DoNothing, DoNothing, DoNothing, killed
DoNothing, DoNothing, DoNothing, DoNothing, DoNothing, DoNothing, DoNothing, DoNothing, DoNothing, DoNothing, DoNothing, DoNothing, DoNothing, DoNothing, killed
DoNothing, DoNothing, DoNothing, DoNothing, DoNothing, DoNothing, DoNothing, DoNothing, DoNothing, DoNothing, DoNothing, DoNothing, DoNothing, DoNothing, killed
DoNothing, DoNothing, DoNothing, DoNothing, DoNothing, DoNothing, DoNothing, DoNothing, DoNothing, DoNothing, DoNothing, DoNothing, DoNothing, DoNothing, killed
DoNothing, DoNothing, DoNothing, DoNothing, DoNothing, DoNothing, DoNothing, DoNothing, DoNothing, DoNothing, DoNothing, DoNothing, DoNothing, DoNothing, killed
DoNothing, DoNothing, DoNothing, DoNothing, DoNothing, DoNothing, DoNothing, DoNothing, DoNothing, DoNothing, DoNothing, DoNothing, DoNothing, DoNothing, killed
DoNothing, DoNothing, DoNothing, DoNothing, DoNothing, DoNothing, DoNothing, DoNothing, DoNothing, DoNothing, DoNothing, DoNothing, DoNothing, DoNothing, killed
DoNothing, DoNothing, DoNothing, DoNothing, DoNothing, DoNothing, DoNothing, DoNothing, DoNothing, DoNothing, DoNothing, DoNothing, DoNothing, DoNothing, killed
DoNothing, DoNothing, DoNothing, DoNothing, DoNothing, DoNothing, DoNothing, DoNothing, DoNothing, DoNothing, DoNothing, DoNothing, DoNothing, DoNothing, killed
DoNothing, DoNothing, DoNothing, DoNothing, DoNothing, DoNothing, DoNothing, DoNothing, DoNothing, DoNothing, DoNothing, DoNothing, DoNothing, DoNothing, killed
DoNothing, DoNothing, DoNothing, DoNothing, DoNothing, DoNothing, DoNothing, DoNothing, DoNothing, DoNothing, DoNothing, DoNothing, DoNothing, DoNothing, killed
DoNothing, DoNothing, DoNothing, DoNothing, DoNothing, DoNothing, DoNothing, DoNothing, DoNothing, DoNothing, DoNothing, DoNothing, DoNothing, DoNothing, killed
DoNothing, DoNothing, DoNothing, DoNothing, DoNothing, DoNothing, DoNothing, DoNothing, DoNothing, DoNothing, DoNothing, DoNothing, DoNothing, DoNothing, killed
DoNothing, DoNothing, DoNothing, DoNothing, DoNothing, DoNothing, DoNothing, DoNothing, DoNothing, DoNothing, DoNothing, DoNothing, DoNothing, DoNothing, killed
Tie, reached max steps = 100, player 1 has 7 tanks, player 2 has 7 tanks
