Shoot, Shoot, Shoot, Shoot, Shoot, Shoot, Shoot, Shoot, Shoot, Shoot, Shoot, Shoot, Shoot, Shoot, Shoot (killed)
DoNothing, DoNothing, DoNothing, DoNothing, DoNothing, DoNothing, DoNothing, DoNothing, DoNothing, DoNothing, DoNothing, DoNothing, DoNothing, DoNothing, killed
DoNothing, DoNothing, DoNothing, DoNothing, DoNothing, DoNothing, DoNothing, DoNothing, DoNothing, DoNothing, DoNothing, DoNothing, DoNothing, DoNothing, killed
DoNothing, DoNothing, DoNothing, DoNothing, DoNothing, DoNothing, DoNothing, DoNothing, DoNothing, DoNothing, DoNothing, DoNothing, DoNothing, DoNothing, killed
DoNothing, DoNothing, DoNothing, DoNothing, DoNothing, DoNothing, DoNothing, DoNothing, DoNothing, DoNothing, DoNothing, DoNothing, DoNothing, DoNothing, killed
Shoot, Shoot, Shoot, Shoot, Shoot, Shoot, Shoot, Shoot, Shoot, Shoot, Shoot, Shoot, Shoot, Shoot, killed
DoNothing, DoNothing, DoNothing, DoNothing, DoNothing, DoNothing, DoNothing, DoNothing, DoNothing, DoNothing, DoNothing, DoNothing, DoNothing, DoNothing, killed
DoNothing, DoNothing, DoNothing, DoNothing, DoNothing, DoNothing, DoNothing, DoNothing, DoNothing, DoNothing, DoNothing, DoNothing, DoNothing, DoNothing, killed
DoNothing, DoNothing, DoNothing, DoNothing, DoNothing, DoNothing, DoNothing, DoNothing, DoNothing, DoNothing, DoNothing, DoNothing, DoNothing, DoNothing, killed
DoNothing, DoNothing, DoNothing, DoNothing, DoNothing, DoNothing, DoNothing, DoNothing, DoNothing, DoNothing, DoNothing, DoNothing, DoNothing, DoNothing, killed
Shoot, Shoot, Shoot, Shoot, Shoot, Shoot, Shoot, Shoot, Shoot, Shoot, Shoot, Shoot, Shoot, Shoot, killed
DoNothing, DoNothing, DoNothing, DoNothing, DoNothing, DoNothing, DoNothing, DoNothing, DoNothing, DoNothing, DoNothing, DoNothing, DoNothing, DoNothing, killed
DoNothing, DoNothing, DoNothing, DoNothing, DoNothing, DoNothing, DoNothing, DoNothing, DoNothing, DoNothing, DoNothing, DoNothing, DoNothing, DoNothing, killed
DoNothing, DoNothing, DoNothing, DoNothing, DoNothing, DoNothing, DoNothing, DoNothing, DoNothing, DoNothing, DoNothing, DoNothing, DoNothing, DoNothing, killed
DoNothing, DoNothing, DoNothing, DoNothing, DoNothing, DoNothing, DoNothing, DoNothing, DoNothing, DoNothing, DoNothing, DoNothing, DoNothing, DoNothing, killed
DoNothing, DoNothing, DoNothing, DoNothing, DoNothing, DoNothing, DoNothing, DoNothing, DoNothing, DoNothing, DoNothing, DoNothing, DoNothing, DoNothing, killed
DoNothing, DoNothing, DoNothing, DoNothing, DoNothing, DoNothing, DoNothing, DoNothing, DoNothing, DoNothing, DoNothing, DoNothing, DoNothing, DoNothing, killed
DoNothing, DoNothing, DoNothing, DoNothing, DoNothing, DoNothing, DoNothing, DoNothing, DoNothing, DoNothing, DoNothing, DoNothing, DoNothing, DoNothing, killed
DoNothing, DoNothing, DoNothing, DoNothing, DoNothing, DoNothing, DoNothing, DoNothing, DoNothing, DoNothing, DoNothing, DoNothing, DoNothing, DoNothing, killed
DoNothing, DoNothing, DoNothing, DoNothing, DoNothing, DoNothing, DoNothing, DoNothing, DoNothing, DoNothing, DoNothing, DoNothing, DoNothing, DoNothing, killed
DoNothing, DoNothing, DoNothing, DoNothing, DoNothing, DoNothing, DoNothing, DoNothing, DoNothing, DoNothing, DoNothing, DoNothing, DoNothing, DoNothing, killed
DoNothing, DoNothing, DoNothing, DoNothing, DoNothing, DoNothing, DoNothing, DoNothing, DoNothing, DoNothing, DoNothing, DoNothing, DoNothing, DoNothing, killed
DoNothing, DoNothing, DoNothing, DoNothing, DoNothing, DoNothing, DoNothing, DoNothing, DoNothing, DoNothing, DoNothing, DoNothing, DoNothing, DoNothing, killed
DoNothing, DoNothing, DoNothing, DoNothing, DoNothing, DoNothing, DoNothing, DoNothing, DoNothing, DoNothing, DoNothing, DoNothing, DoNothing, DoNothing, killed
DoNothing, DoNothing, DoNothing, DoNothing, DoNothing, DoNothing, DoNothing, DoNothing, DoNothing, DoNothing, DoNothing, DoNothing, DoNothing, DoNothing, killed
DoNothing, DoNothing, DoNothing, DoNothing, DoNothing, DoNothing, DoNothing, DoNothing, DoNothing, DoNothing, DoNothing, DoNothing, DoNothing, DoNothing, killed
DoNothing, DoNothing, DoNothing, DoNothing, DoNothing, DoNothing, DoNothing, DoNothing, DoNothing, DoNothing, DoNothing, DoNothing, DoNothing, DoNothing, killed
DoNothing, DoNothing, DoNothing, DoNothing, DoNothing, DoNothing, DoNothing, DoNothing, DoNothing, DoNothing, DoNothing, DoNothing, DoNothing, DoNothing, killed
DoNothing, DoNothing, DoNothing, DoNothing, DoNothing, DoNothing, DoNothing, DoNothing, DoNothing, DoNothing, DoNothing, DoNothing, DoNothing, DoNothing, killed
DoNothing, DoNothing, DoNothing, DoNothing, DoNothing, DoNothing, DoNothing, DoNothing, DoNothing, DoNothing, DoNothing, DoNothing, DoNothing, DoNothing, killed
DoNothing, DoNothing, DoNothing, DoNothing, DoNothing, DoNothing, DoNothing, DoNothing, DoNothing, DoNothing, DoNothing, DoNothing, DoNothing, DoNothing, killed
DoNothing, DoNothing, DoNothing, DoNothing, DoNothing, DoNothing, DoNothing, DoNothing, DoNothing, DoNothing, DoNothing, DoNothing, DoNothing, DoNothing, killed
DoNothing, DoNothing, DoNothing, DoNothing, DoNothing, DoNothing, DoNothing, DoNothing, DoNothing, DoNothing, DoNothing, DoNothing, DoNothing, DoNothing, killed
DoNothing, DoNothing, DoNothing, DoNothing, DoNothing, DoNothing, DoNothing, DoNothing, DoNothing, DoNothing, DoNothing, DoNothing, DoNothing, DoNothing, killed
DoNothing, DoNothing, DoNothing, DoNothing, DoNothing, DoNothing, DoNothing, DoNothing, DoNothing, DoNothing, DoNothing, DoNothing, DoNothing, DoNothing, killed
DoNothing, DoNothing, DoNothing, DoNothing, DoNothing, DoNothing, DoNothing, DoNothing, DoNothing, DoNothing, DoNothing, DoNothing, DoNothing, DoNothing, killed
DoNothing, DoNothing, DoNothing, DoNothing, DoNothing, DoNothing, DoNothing, DoNothing, DoNothing, DoNothing, DoNothing, DoNothing, DoNothing, DoNothing, killed
DoNothing, DoNothing, DoNothing, DoNothing, DoNothing, DoNothing, DoNothing, DoNothing, DoNothing, DoNothing, DoNothing, DoNothing, DoNothing, DoNothing, killed
DoNothing, DoNothing, DoNothing, DoNothing, DoNothing, DoNothing, DoNothing, DoNothing, DoNothing, DoNothing, DoNothing, DoNothing, DoNothing, DoNothing, killed
DoNothing, DoNothing, DoNothing, DoNothing, DoNothing, DoNothing, DoNothing, DoNothing, DoNothing, DoNothing, DoNothing, DoNothing, DoNothing, DoNothing, killed
DoNothing, DoNothing, DoNothing, DoNothing, DoNothing, DoNothing, DoNothing, DoNothing, DoNothing, DoNothing, DoNothing, DoNothing, DoNothing, DoNothing, killed
DoNothing, DoNothing, DoNothing, DoNothing, DoNothing, DoNothing, DoNothing, DoNothing, DoNothing, DoNothing, DoNothing, DoNothing, DoNothing, DoNothing, killed
DoNothing, DoNothing, DoNothing, DoNothing, DoNothing, DoNothing, DoNothing, DoNothing, DoNothing, DoNothing, DoNothing, DoNothing, DoNothing, DoNothing, killed
DoNothing, DoNothing, DoNothing, DoNothing, DoNothing, DoNothing, DoNothing, DoNothing, DoNothing, DoNothing, DoNothing, DoNothing, DoNothing, DoNothing, killed
DoNothing, DoNothing, DoNothing, DoNothing, DoNothing, DoNothing, DoNothing, DoNothing, DoNothing, DoNothing, DoNothing, DoNothing, DoNothing, DoNothing, killed
DoNothing, DoNothing, DoNothing, DoNothing, DoNothing, DoNothing, DoNothing, DoNothing, DoNothing, DoNothing, DoNothing, DoNothing, DoNothing, DoNothing, killed
DoNothing, DoNothing, DoNothing, DoNothing, DoNothing, DoNothing, DoNothing, DoNothing, DoNothing, DoNothing, DoNothing, DoNothing, DoNothing, DoNothing, killed
DoNothing, DoNothing, DoNothing, DoNothing, DoNothing, DoNothing, DoNothing, DoNothing, DoNothing, DoNothing, DoNothing, DoNothing, DoNothing, DoNothing, killed
DoNothing, DoNothing, DoNothing, DoNothing, DoNothing, DoNothing, DoNothing, DoNothing, DoNothing, DoNothing, DoNothing, DoNothing, DoNothing, DoNothing, killed
DoNothing, DoNothing, DoNothing, DoNothing, DoNothing, DoNothing, DoNothing, DoNothing, DoNothing, DoNothing, DoNothing, DoNothing, DoNothing, DoNothing, killed
DoNothing, DoNothing, DoNothing, DoNothing, DoNothing, DoNothing, DoNothing, DoNothing, DoNothing, DoNothing, DoNothing, DoNothing, DoNothing, DoNothing, killed
Tie, both players have zero shells for 40 steps
