RotateLeft90, RotateLeft90
MoveForward, MoveForward (killed)
Player 2 won with 1 tanks still alive
