MoveBackward, MoveBackward
DoNothing, DoNothing
DoNothing, DoNothing
MoveBackward, MoveBackward
MoveBackward, MoveBackward (ignored)
MoveBackward, MoveBackward
MoveBackward (ignored), MoveBackward (ignored)
MoveBackward, MoveBackward (ignored)
MoveBackward (ignored), MoveBackward
MoveBackward (ignored), MoveBackward (ignored)
Tie, reached max steps = 10, player 1 has 1 tanks, player 2 has 1 tanks
