MoveBackward, MoveBackward
MoveForward, MoveForward
Shoot, Shoot
MoveBackward, MoveBackward
MoveForward, MoveForward
RotateLeft45, RotateLeft45
MoveBackward, MoveBackward
MoveForward, MoveForward
RotateLeft90, RotateLeft90
DoNothing, DoNothing
Tie, reached max steps = 10, player 1 has 1 tanks, player 2 has 1 tanks
