MoveBackward, MoveBackward
GetBattleInfo, GetBattleInfo
Shoot, Shoot
MoveBackward, MoveBackward
GetBattleInfo, GetBattleInfo
RotateLeft45, RotateLeft45
MoveBackward, MoveBackward
GetBattleInfo, GetBattleInfo
RotateLeft90, RotateLeft90
DoNothing, DoNothing
Tie, reached max steps = 10, player 1 has 1 tanks, player 2 has 1 tanks
