Shoot, Shoot
DoNothing, DoNothing
DoNothing, DoNothing
DoNothing, DoNothing
DoNothing, DoNothing
Shoot, Shoot
DoNothing, DoNothing
DoNothing, DoNothing
DoNothing, DoNothing
DoNothing, DoNothing
Shoot, Shoot
DoNothing, DoNothing
DoNothing, DoNothing
DoNothing, DoNothing
DoNothing, DoNothing
DoNothing, DoNothing
DoNothing, DoNothing
DoNothing, DoNothing
DoNothing, DoNothing
DoNothing, DoNothing
DoNothing, DoNothing
DoNothing, DoNothing
DoNothing, DoNothing
DoNothing, DoNothing
DoNothing, DoNothing
DoNothing, DoNothing
DoNothing, DoNothing
DoNothing, DoNothing
DoNothing, DoNothing
DoNothing, DoNothing
DoNothing, DoNothing
DoNothing, DoNothing
DoNothing, DoNothing
DoNothing, DoNothing
DoNothing, DoNothing
DoNothing, DoNothing
DoNothing, DoNothing
DoNothing, DoNothing
DoNothing, DoNothing
DoNothing, DoNothing
DoNothing, DoNothing
DoNothing, DoNothing
DoNothing, DoNothing
DoNothing, DoNothing
DoNothing, DoNothing
DoNothing, DoNothing
DoNothing, DoNothing
DoNothing, DoNothing
DoNothing, DoNothing
DoNothing, DoNothing
DoNothing, DoNothing
Tie, both players have zero shells for 40 steps
