MoveForward, MoveForward (killed), MoveForward (killed), MoveForward (killed), MoveForward (killed), MoveForward (killed), MoveForward (killed), MoveForward (killed), MoveForward (killed), MoveForward (killed), MoveForward (killed), MoveForward (killed), MoveForward (killed), MoveForward (killed), MoveForward (killed)
Player 1 won with 1 tanks still alive
