MoveForward (killed), MoveForward (killed)
Tie, both players have zero tanks
