MoveForward, MoveForward
MoveForward, MoveForward
MoveForward, MoveForward
MoveForward, MoveForward
MoveForward, MoveForward
MoveForward, MoveForward
MoveForward (killed), MoveForward (killed)
Tie, both players have zero tanks
